[ecetsolutions.in/index.html]
[backblue.gif]
[fade.gif]
[index.html]
[ecetsolutions.in/images/title-logo.jpg]
[ecetsolutions.in/css/index.css]
[ecetsolutions.in/css/navbar2.css]
[ecetsolutions.in/css/account.css]
[ecetsolutions.in/css/footer.css]
[ecetsolutions.in/css/style.css]
[ecetsolutions.in/css/load.css]
[cdnjs.cloudflare.com/ajax/libs/animate.css/4.0.0/animate.min.css]
[maxcdn.bootstrapcdn.com/bootstrap/4.5.0/css/bootstrap.min.css]
[ajax.googleapis.com/ajax/libs/jquery/3.5.1/jquery.min.js]
[cdnjs.cloudflare.com/ajax/libs/popper.js/1.16.0/umd/popper.min.js]
[maxcdn.bootstrapcdn.com/bootstrap/4.5.0/js/bootstrap.min.js]
[ecetsolutions.in/js/index.js]
[ecetsolutions.in/eslogo1.2.jpg]
[ecetsolutions.in/index-2.html]
[ecetsolutions.in/logo.jpg]
[ecetsolutions.in/images/dropright.png]
[ecetsolutions.in/pp.html]
[ecetsolutions.in/techp.html]
[ecetsolutions.in/nontechp.html]
[ecetsolutions.in/mockstart.html]
[ecetsolutions.in/about.html]
[ecetsolutions.in/images/profile.png]
[ecetsolutions.in/images/logout.png]
[ecetsolutions.in/result.html]
[upload.wikimedia.org/wikipedia/commons/thumb/5/53/Google__G__Logo.svg/512px-Google__G__Logo.svg.png]
[ecetsolutions.in/images/tspp1.png]
[ecetsolutions.in/images/mock.png]
[ecetsolutions.in/images/abt3.png]
[ecetsolutions.in/images/fb.png]
[ecetsolutions.in/images/insta.png]
[ecetsolutions.in/js/nav.js]
[ecetsolutions.in/js/rocket.js]
[ecetsolutions.in/js/firebase.js]
[ecetsolutions.in/syllabus.html]
[ecetsolutions.in/index.html]
[ecetsolutions.in/index-2.html]
[ecetsolutions.in/css/pp.css]
[ecetsolutions.in/question.html]
[ecetsolutions.in/pp.html]
[ecetsolutions.in/css/techp.css]
[ecetsolutions.in/images/cds.png]
[ecetsolutions.in/images/cpp.png]
[ecetsolutions.in/images/java.png]
[ecetsolutions.in/images/rdbms.jpg]
[ecetsolutions.in/images/os.png]
[ecetsolutions.in/images/co2.png]
[ecetsolutions.in/images/mp.png]
[ecetsolutions.in/images/cn1.png]
[ecetsolutions.in/images/ip.png]
[ecetsolutions.in/images/dld.png]
[ecetsolutions.in/techp.html]
[ecetsolutions.in/css/nontechp.css]
[ecetsolutions.in/images/math.png]
[ecetsolutions.in/images/phy1.png]
[ecetsolutions.in/images/chem1.png]
[ecetsolutions.in/nontechp.html]
[ecetsolutions.in/css/mockstart.css]
[ecetsolutions.in/mocktest6ce8.html]
[ecetsolutions.in/mocktest9d93.html]
[ecetsolutions.in/mocktestfa42.html]
[ecetsolutions.in/mocktest2dfa1.html]
[ecetsolutions.in/mocktest21576.html]
[ecetsolutions.in/mocktest22236.html]
[www.gstatic.com/firebasejs/7.17.2/firebase.js]
[www.gstatic.com/firebasejs/7.17.2/firebase-auth.js]
[www.gstatic.com/firebasejs/7.17.2/firebase-analytics.js]
[ecetsolutions.in/mockstart.html]
[ecetsolutions.in/css/about.css]
[ecetsolutions.in/images/discussion1.png]
[ecetsolutions.in/about.html]
[ecetsolutions.in/images/question screen.png]
[ecetsolutions.in/css/result.css]
[ecetsolutions.in/js/result.js]
[ecetsolutions.in/result.html]
[ecetsolutions.in/css/syllabus.css]
[ecetsolutions.in/syllabus/TS/civil.pdf]
[ecetsolutions.in/syllabus/TS/cse.pdf]
[ecetsolutions.in/syllabus/TS/eee.pdf]
[ecetsolutions.in/syllabus/TS/mech.pdf]
[ecetsolutions.in/syllabus/AP/COMPUTER SCIENCE AND  ENGINEERING.pdf]
[ecetsolutions.in/syllabus/TS/ece.pdf]
[ecetsolutions.in/syllabus/AP/CIVIL ENGINEERING.pdf]
[ecetsolutions.in/syllabus/AP/ELECTRONICS AND COMMUNICATION ENGINEERING.pdf]
[ecetsolutions.in/syllabus/AP/ELECTRICAL AND ELECTRONICS ENGINEERING.pdf]
[ecetsolutions.in/syllabus/AP/MECHANICAL ENGINEERING.pdf]
[ecetsolutions.in/syllabus/AP/MATHEMATICS (FOR DIPLOMA HOLDERS).pdf]
[ecetsolutions.in/syllabus/AP/PHYSICS.pdf]
[ecetsolutions.in/syllabus.html]
[ecetsolutions.in/syllabus/AP/CHEMISTRY.pdf]
[ecetsolutions.in/css/question.css]
[ecetsolutions.in/css/spinkit.css]
[polyfill.io/v3/polyfill.min1162.js]
[ecetsolutions.in/datafile.json]
[ecetsolutions.in/qimages/2019/00007.jpg]
[ecetsolutions.in/qimages/TEcet-2019/00001.jpg]
[cdn.jsdelivr.net/npm/mathjax@3/es5/tex-mml-chtml.js]
[ecetsolutions.in/js/question.js]
[ecetsolutions.in/question.html]
[ecetsolutions.in/css/mocktest.css]
[ecetsolutions.in/css/instructions.css]
[ecetsolutions.in/css/confirmation.css]
[ecetsolutions.in/mocktest.html]
[ecetsolutions.in/images/indications/sliver.jpg]
[ecetsolutions.in/images/indications/red.jpg]
[ecetsolutions.in/images/indications/green.jpg]
[ecetsolutions.in/images/indications/violet.jpg]
[ecetsolutions.in/images/indications/blue.jpg]
[ecetsolutions.in/js/mocktest.js]
[ecetsolutions.in/mocktest6ce8.html]
[ecetsolutions.in/mocktest9d93.html]
[ecetsolutions.in/mocktestfa42.html]
[ecetsolutions.in/mocktest2.html]
[ecetsolutions.in/js/mocktest2.js]
[ecetsolutions.in/mocktest2dfa1.html]
[ecetsolutions.in/mocktest21576.html]
[ecetsolutions.in/mocktest22236.html]
[ecetsolutions.in/mocktest.html]
[ecetsolutions.in/mocktest2.html]
[maxcdn.bootstrapcdn.com/bootstrap/4.5.0/js/bootstrap.min.js]
[ecetsolutions.in/images/home7.jpg]
[ajax.googleapis.com/ajax/libs/jquery/3.5.1/jquery.min.js]
[ecetsolutions.in/images/fade2.png]
[ecetsolutions.in/css/index.css]
[www.gstatic.com/firebasejs/7.17.2/firebase-analytics.js]
[www.gstatic.com/firebasejs/7.17.2/firebase.js]
[www.gstatic.com/firebasejs/7.17.2/firebase-auth.js]
[3.bp.blogspot.com/-GZOBULN1Q4s/VbNxQrf37EI/AAAAAAAAAPk/rak337seJ70/s1600/Ask.png]
[ecetsolutions.in/css/navbar2.css]
[ecetsolutions.in/css/account.css]
[ecetsolutions.in/css/footer.css]
[ecetsolutions.in/css/style.css]
[ecetsolutions.in/css/load.css]
[kit.fontawesome.com/a076d05399.js]
[cdnjs.cloudflare.com/ajax/libs/animate.css/4.0.0/animate.min.css]
[maxcdn.bootstrapcdn.com/bootstrap/4.5.0/css/bootstrap.min.css]
[ecetsolutions.in/index-2.html]
[ecetsolutions.in/css/pp.css]
[ecetsolutions.in/css/techp.css]
[ecetsolutions.in/css/nontechp.css]
[ecetsolutions.in/css/mockstart.css]
[ecetsolutions.in/css/about.css]
[ecetsolutions.in/css/result.css]
[ecetsolutions.in/css/syllabus.css]
[ecetsolutions.in/css/question.css]
[ecetsolutions.in/css/spinkit.css]
[ecetsolutions.in/images/fade2.png]
[ecetsolutions.in/qimages/TEcet-2019/00001.html]
[ecetsolutions.in/css/mocktest.css]
[ecetsolutions.in/css/instructions.css]
[ecetsolutions.in/css/confirmation.css]
[1.bp.blogspot.com/-UR9I7YEuEUY/VXIJn8MrBPI/AAAAAAAAKRE/qZObHBd5zIo/s1600/rocket.png]
[ecetsolutions.in/datafile.json]
